
[1m[46m RUN [49m[22m [36mv4.1.0 [39m[90mC:/Jano Healthcare Solutions/dialysis-assignment/frontend[39m

 [31mΓ¥»[39m src/tests/useUpdateTask.test.jsx [2m([22m[2m2 tests[22m[2m | [22m[31m2 failed[39m[2m)[22m[32m 12[2mms[22m[39m
[31m     [31m├ù[31m updates cache optimistically immediately on mutate[39m[32m 9[2mms[22m[39m
[31m     [31m├ù[31m rolls back cache data on Server Error[39m[32m 1[2mms[22m[39m
 [31mΓ¥»[39m src/tests/TaskCard.test.jsx [2m([22m[2m3 tests[22m[2m | [22m[31m3 failed[39m[2m)[22m[32m 13[2mms[22m[39m
[31m     [31m├ù[31m renders task title and role[39m[32m 8[2mms[22m[39m
[31m     [31m├ù[31m handles missing optional fields gracefully[39m[32m 1[2mms[22m[39m
[31m     [31m├ù[31m shows "Untitled Task" when title is missing[39m[32m 1[2mms[22m[39m
node.exe : 
At line:1 char:1
+ & "C:\Program 
Files\nodejs/node.exe" 
"C:\Program 
Files\nodejs/node_mo ...
+ ~~~~~~~~~~~~~~~~~~~~~~~~~~~
~~~~~~~~~~~~~~~~~~~~~~~~~~~~~
~~~~~~~~~~~~~
    + CategoryInfo           
   : NotSpecifi    ed: 
(:String) [],     
RemoteException
    + FullyQualifiedEr    
rorId : NativeComm    
andError
 
[31mΓÄ»ΓÄ»ΓÄ»ΓÄ»ΓÄ»ΓÄ»ΓÄ»[3
9m[1m[41m Failed Tests 5 [
49m[22m[31mΓÄ»ΓÄ»ΓÄ»ΓÄ»ΓÄ»Γ
Ä»ΓÄ»[39m

[41m[1m FAIL [22m[49m src
/tests/TaskCard.test.jsx[2m 
> [22mTaskCard[2m > 
[22mrenders task title and 
role
[31m[1mReferenceError[22m:
 document is not defined[39m
[90m [2mΓ¥»[22m render nod
e_modules/@testing-library/re
act/dist/pure.js:[2m256:5[2
2m[39m
[36m [2mΓ¥»[22m src/tests/
TaskCard.test.jsx:[2m7:5[22
m[39m
    [90m  5|[39m [34mdescr
ibe[39m([32m'TaskCard'[39m
[33m,[39m () [33m=>[39m {
    [90m  6|[39m   
[34mit[39m([32m'renders 
task title and 
role'[39m[33m,[39m () 
[33m=>[39m {
    [90m  7|[39m     [34mr
ender[39m([33m<[39m[33mTa
skCard[39m [33mtask[39m[3
3m=[39m[33m{[39m{
    [90m   |[39m     
[31m^[39m
    [90m  8|[39m       
_id[33m:[39m 
[32m'1'[39m[33m,[39m 
title[33m:[39m [32m'Check 
blood 
pressure'[39m[33m,[39m 
role[33m:[39m 
[32m'nurse'[39m[33m,[39m
    [90m  9|[39m       
assignee[33m:[39m 
[32m'Alice'[39m[33m,[39m 
dueDate[33m:[39m [32m'2026
-03-25'[39m[33m,[39m 
status[33m:[39m [32m'in_pr
ogress'[39m[33m,[39m

[31m[2mΓÄ»ΓÄ»ΓÄ»ΓÄ»ΓÄ»ΓÄ»ΓÄ
»ΓÄ»ΓÄ»ΓÄ»ΓÄ»ΓÄ»ΓÄ»ΓÄ»ΓÄ»ΓÄ»Γ
Ä»ΓÄ»ΓÄ»ΓÄ»ΓÄ»ΓÄ»ΓÄ»ΓÄ»[1/5]Γ
Ä»[22m[39m

[41m[1m FAIL [22m[49m src
/tests/TaskCard.test.jsx[2m 
> [22mTaskCard[2m > 
[22mhandles missing 
optional fields gracefully
[31m[1mReferenceError[22m:
 document is not defined[39m
[90m [2mΓ¥»[22m render nod
e_modules/@testing-library/re
act/dist/pure.js:[2m256:5[2
2m[39m
[36m [2mΓ¥»[22m src/tests/
TaskCard.test.jsx:[2m16:5[2
2m[39m
    [90m 14|[39m
    [90m 15|[39m   
[34mit[39m([32m'handles 
missing optional fields 
gracefully'[39m[33m,[39m 
() [33m=>[39m {
    [90m 16|[39m     
render(<TaskCard task={{ 
_id: '2', title: 'Simple 
Task', status: 'ΓÇª
    [90m   |[39m     
[31m^[39m
    [90m 17|[39m     [34me
xpect[39m(screen[33m.[39m
[34mgetByText[39m([32m'Simp
le Task'[39m))[33m.[39m[3
4mtoBeTruthy[39m()
    [90m 18|[39m   })

[31m[2mΓÄ»ΓÄ»ΓÄ»ΓÄ»ΓÄ»ΓÄ»ΓÄ
»ΓÄ»ΓÄ»ΓÄ»ΓÄ»ΓÄ»ΓÄ»ΓÄ»ΓÄ»ΓÄ»Γ
Ä»ΓÄ»ΓÄ»ΓÄ»ΓÄ»ΓÄ»ΓÄ»ΓÄ»[2/5]Γ
Ä»[22m[39m

[41m[1m FAIL [22m[49m src
/tests/TaskCard.test.jsx[2m 
> [22mTaskCard[2m > 
[22mshows "Untitled Task" 
when title is missing
[31m[1mReferenceError[22m:
 document is not defined[39m
[90m [2mΓ¥»[22m render nod
e_modules/@testing-library/re
act/dist/pure.js:[2m256:5[2
2m[39m
[36m [2mΓ¥»[22m src/tests/
TaskCard.test.jsx:[2m21:5[2
2m[39m
    [90m 19|[39m
    [90m 20|[39m   
[34mit[39m([32m'shows 
"Untitled Task" when title 
is missing'[39m[33m,[39m 
() [33m=>[39m {
    [90m 21|[39m     [34mr
ender[39m([33m<[39m[33mTa
skCard[39m [33mtask[39m[3
3m=[39m[33m{[39m[35mnull
[39m[33m}[39m 
[33m/[39m[33m>[39m)
    [90m   |[39m     
[31m^[39m
    [90m 22|[39m     [34me
xpect[39m(screen[33m.[39m
[34mgetByText[39m([32m'Unti
tled Task'[39m))[33m.[39m
[34mtoBeTruthy[39m()
    [90m 23|[39m   })

[31m[2mΓÄ»ΓÄ»ΓÄ»ΓÄ»ΓÄ»ΓÄ»ΓÄ
»ΓÄ»ΓÄ»ΓÄ»ΓÄ»ΓÄ»ΓÄ»ΓÄ»ΓÄ»ΓÄ»Γ
Ä»ΓÄ»ΓÄ»ΓÄ»ΓÄ»ΓÄ»ΓÄ»ΓÄ»[3/5]Γ
Ä»[22m[39m

[41m[1m FAIL [22m[49m src
/tests/useUpdateTask.test.jsx
[2m > [22museUpdateTask 
Optimistic Updates[2m > 
[22mupdates cache 
optimistically immediately 
on mutate
[31m[1mReferenceError[22m:
 document is not defined[39m
[90m [2mΓ¥»[22m render nod
e_modules/@testing-library/re
act/dist/pure.js:[2m256:5[2
2m[39m
[90m [2mΓ¥»[22m 
Proxy.renderHook node_modules
/@testing-library/react/dist/
pure.js:[2m339:7[22m[39m
[36m [2mΓ¥»[22m src/tests/
useUpdateTask.test.jsx:[2m31
:28[22m[39m
    [90m 29|[39m         qu
eryClient.setQueryData(['task
s', '1'], [{ _id: 't1', 
title: ΓÇª
    [90m 30|[39m
    [90m 31|[39m         
const { result } = 
renderHook(() => 
useUpdateTask('1'), { wrapΓÇª
    [90m   |[39m           
                 [31m^[39m
    [90m 32|[39m
    [90m 33|[39m         
[90m// Trigger mutation[39m

[31m[2mΓÄ»ΓÄ»ΓÄ»ΓÄ»ΓÄ»ΓÄ»ΓÄ
»ΓÄ»ΓÄ»ΓÄ»ΓÄ»ΓÄ»ΓÄ»ΓÄ»ΓÄ»ΓÄ»Γ
Ä»ΓÄ»ΓÄ»ΓÄ»ΓÄ»ΓÄ»ΓÄ»ΓÄ»[4/5]Γ
Ä»[22m[39m

[41m[1m FAIL [22m[49m src
/tests/useUpdateTask.test.jsx
[2m > [22museUpdateTask 
Optimistic Updates[2m > 
[22mrolls back cache data 
on Server Error
[31m[1mReferenceError[22m:
 document is not defined[39m
[90m [2mΓ¥»[22m render nod
e_modules/@testing-library/re
act/dist/pure.js:[2m256:5[2
2m[39m
[90m [2mΓ¥»[22m 
Proxy.renderHook node_modules
/@testing-library/react/dist/
pure.js:[2m339:7[22m[39m
[36m [2mΓ¥»[22m src/tests/
useUpdateTask.test.jsx:[2m48
:28[22m[39m
    [90m 46|[39m         vi
.mocked(updateTask).mockRejec
tedValueOnce(new 
Error('Server ΓÇª
    [90m 47|[39m
    [90m 48|[39m         
const { result } = 
renderHook(() => 
useUpdateTask('1'), { wrapΓÇª
    [90m   |[39m           
                 [31m^[39m
    [90m 49|[39m
    [90m 50|[39m         
[90m// Trigger mutation[39m

[31m[2mΓÄ»ΓÄ»ΓÄ»ΓÄ»ΓÄ»ΓÄ»ΓÄ
»ΓÄ»ΓÄ»ΓÄ»ΓÄ»ΓÄ»ΓÄ»ΓÄ»ΓÄ»ΓÄ»Γ
Ä»ΓÄ»ΓÄ»ΓÄ»ΓÄ»ΓÄ»ΓÄ»ΓÄ»[5/5]Γ
Ä»[22m[39m


[2m Test Files [22m [1m[31m2 failed[39m[22m[90m (2)[39m
[2m      Tests [22m [1m[31m5 failed[39m[22m[90m (5)[39m
[2m   Start at [22m 18:27:30
[2m   Duration [22m 1.09s[2m (transform 152ms, setup 0ms, import 1.29s, tests 25ms, environment 0ms)[22m

